
*** Running vivado
    with args -log top.vdi -applog -m64 -product Vivado -messageDb vivado.pb -mode batch -source top.tcl -notrace



****** Vivado v2023.1 (64-bit)
  **** SW Build 3865809 on Sun May  7 15:05:29 MDT 2023
  **** IP Build 3864474 on Sun May  7 20:36:21 MDT 2023
  **** SharedData Build 3865790 on Sun May 07 13:33:03 MDT 2023
    ** Copyright 1986-2022 Xilinx, Inc. All Rights Reserved.
    ** Copyright 2022-2023 Advanced Micro Devices, Inc. All Rights Reserved.

source top.tcl -notrace
create_project: Time (s): cpu = 00:00:04 ; elapsed = 00:00:07 . Memory (MB): peak = 1905.512 ; gain = 157.840
Command: link_design -top top -part xc7z020clg400-1
Design is defaulting to srcset: sources_1
Design is defaulting to constrset: constrs_1
INFO: [Device 21-403] Loading part xc7z020clg400-1
Netlist sorting complete. Time (s): cpu = 00:00:00 ; elapsed = 00:00:00.173 . Memory (MB): peak = 2348.293 ; gain = 0.000
INFO: [Netlist 29-17] Analyzing 676 Unisim elements for replacement
INFO: [Netlist 29-28] Unisim Transformation completed in 0 CPU seconds
INFO: [Project 1-479] Netlist was created with Vivado 2023.1
INFO: [Project 1-570] Preparing netlist for logic optimization
Parsing XDC File [C:/Users/Korisnik/Desktop/DSONG/projekat/constraint/clock_constraint.xdc]
Finished Parsing XDC File [C:/Users/Korisnik/Desktop/DSONG/projekat/constraint/clock_constraint.xdc]
INFO: [Opt 31-138] Pushed 0 inverter(s) to 0 load pin(s).
Netlist sorting complete. Time (s): cpu = 00:00:00 ; elapsed = 00:00:00.001 . Memory (MB): peak = 2504.832 ; gain = 0.000
INFO: [Project 1-111] Unisim Transformation Summary:
No Unisim elements were transformed.

7 Infos, 0 Warnings, 0 Critical Warnings and 0 Errors encountered.
link_design completed successfully
link_design: Time (s): cpu = 00:00:05 ; elapsed = 00:00:07 . Memory (MB): peak = 2504.832 ; gain = 586.406
Command: opt_design
Attempting to get a license for feature 'Implementation' and/or device 'xc7z020'
INFO: [Common 17-349] Got license for feature 'Implementation' and/or device 'xc7z020'
Running DRC as a precondition to command opt_design

Starting DRC Task
INFO: [DRC 23-27] Running DRC with 2 threads
INFO: [Project 1-461] DRC finished with 0 Errors
INFO: [Project 1-462] Please refer to the DRC report (report_drc) for more information.

Time (s): cpu = 00:00:00 ; elapsed = 00:00:00.832 . Memory (MB): peak = 2527.793 ; gain = 22.961

Starting Cache Timing Information Task
INFO: [Timing 38-35] Done setting XDC timing constraints.
Ending Cache Timing Information Task | Checksum: 128c8c1c2

Time (s): cpu = 00:00:06 ; elapsed = 00:00:07 . Memory (MB): peak = 3099.316 ; gain = 571.523

Starting Logic Optimization Task

Phase 1 Retarget
INFO: [Opt 31-138] Pushed 0 inverter(s) to 0 load pin(s).
INFO: [Opt 31-49] Retargeted 0 cell(s).
Phase 1 Retarget | Checksum: 80e55f2c

Time (s): cpu = 00:00:01 ; elapsed = 00:00:00.446 . Memory (MB): peak = 3449.887 ; gain = 0.000
INFO: [Opt 31-389] Phase Retarget created 0 cells and removed 0 cells
INFO: [Opt 31-1021] In phase Retarget, 350 netlist objects are constrained preventing optimization. Please run opt_design with -debug_log to get more detail. 

Phase 2 Constant propagation
INFO: [Opt 31-138] Pushed 0 inverter(s) to 0 load pin(s).
Phase 2 Constant propagation | Checksum: 79b4dff5

Time (s): cpu = 00:00:01 ; elapsed = 00:00:00.531 . Memory (MB): peak = 3449.887 ; gain = 0.000
INFO: [Opt 31-389] Phase Constant propagation created 0 cells and removed 0 cells
INFO: [Opt 31-1021] In phase Constant propagation, 525 netlist objects are constrained preventing optimization. Please run opt_design with -debug_log to get more detail. 

Phase 3 Sweep
Phase 3 Sweep | Checksum: e2a00078

Time (s): cpu = 00:00:01 ; elapsed = 00:00:00.801 . Memory (MB): peak = 3449.887 ; gain = 0.000
INFO: [Opt 31-389] Phase Sweep created 0 cells and removed 0 cells
INFO: [Opt 31-1021] In phase Sweep, 873 netlist objects are constrained preventing optimization. Please run opt_design with -debug_log to get more detail. 

Phase 4 BUFG optimization
Phase 4 BUFG optimization | Checksum: e2a00078

Time (s): cpu = 00:00:01 ; elapsed = 00:00:00.923 . Memory (MB): peak = 3449.887 ; gain = 0.000
INFO: [Opt 31-662] Phase BUFG optimization created 0 cells of which 0 are BUFGs and removed 0 cells.

Phase 5 Shift Register Optimization
INFO: [Opt 31-1064] SRL Remap converted 0 SRLs to 0 registers and converted 0 registers of register chains to 0 SRLs
Phase 5 Shift Register Optimization | Checksum: efa40bbc

Time (s): cpu = 00:00:01 ; elapsed = 00:00:01 . Memory (MB): peak = 3449.887 ; gain = 0.000
INFO: [Opt 31-389] Phase Shift Register Optimization created 0 cells and removed 0 cells

Phase 6 Post Processing Netlist
Phase 6 Post Processing Netlist | Checksum: efa40bbc

Time (s): cpu = 00:00:01 ; elapsed = 00:00:01 . Memory (MB): peak = 3449.887 ; gain = 0.000
INFO: [Opt 31-389] Phase Post Processing Netlist created 0 cells and removed 0 cells
INFO: [Opt 31-1021] In phase Post Processing Netlist, 350 netlist objects are constrained preventing optimization. Please run opt_design with -debug_log to get more detail. 
Opt_design Change Summary
=========================


-------------------------------------------------------------------------------------------------------------------------
|  Phase                        |  #Cells created  |  #Cells Removed  |  #Constrained objects preventing optimizations  |
-------------------------------------------------------------------------------------------------------------------------
|  Retarget                     |               0  |               0  |                                            350  |
|  Constant propagation         |               0  |               0  |                                            525  |
|  Sweep                        |               0  |               0  |                                            873  |
|  BUFG optimization            |               0  |               0  |                                              0  |
|  Shift Register Optimization  |               0  |               0  |                                              0  |
|  Post Processing Netlist      |               0  |               0  |                                            350  |
-------------------------------------------------------------------------------------------------------------------------



Starting Connectivity Check Task

Time (s): cpu = 00:00:00 ; elapsed = 00:00:00.003 . Memory (MB): peak = 3449.887 ; gain = 0.000
Ending Logic Optimization Task | Checksum: efa40bbc

Time (s): cpu = 00:00:01 ; elapsed = 00:00:01 . Memory (MB): peak = 3449.887 ; gain = 0.000

Starting Power Optimization Task
INFO: [Pwropt 34-132] Skipping clock gating for clocks with a period < 2.00 ns.
INFO: [Pwropt 34-9] Applying IDT optimizations ...
INFO: [Pwropt 34-10] Applying ODC optimizations ...
INFO: [Timing 38-35] Done setting XDC timing constraints.
Running Vector-less Activity Propagation...

Finished Running Vector-less Activity Propagation


Starting PowerOpt Patch Enables Task
INFO: [Pwropt 34-162] WRITE_MODE attribute of 0 BRAM(s) out of a total of 6 has been updated to save power. Run report_power_opt to get a complete listing of the BRAMs updated.
INFO: [Pwropt 34-201] Structural ODC has moved 0 WE to EN ports
Number of BRAM Ports augmented: 6 newly gated: 0 Total Ports: 12
Ending PowerOpt Patch Enables Task | Checksum: 6ca2ae40

Time (s): cpu = 00:00:00 ; elapsed = 00:00:00.042 . Memory (MB): peak = 3522.254 ; gain = 0.000
Ending Power Optimization Task | Checksum: 6ca2ae40

Time (s): cpu = 00:00:03 ; elapsed = 00:00:02 . Memory (MB): peak = 3522.254 ; gain = 72.367

Starting Final Cleanup Task

Starting Logic Optimization Task
INFO: [Timing 38-35] Done setting XDC timing constraints.
Ending Logic Optimization Task | Checksum: ab64ac6d

Time (s): cpu = 00:00:01 ; elapsed = 00:00:01 . Memory (MB): peak = 3522.254 ; gain = 0.000
Ending Final Cleanup Task | Checksum: ab64ac6d

Time (s): cpu = 00:00:03 ; elapsed = 00:00:04 . Memory (MB): peak = 3522.254 ; gain = 0.000

Starting Netlist Obfuscation Task
Netlist sorting complete. Time (s): cpu = 00:00:00 ; elapsed = 00:00:00.001 . Memory (MB): peak = 3522.254 ; gain = 0.000
Ending Netlist Obfuscation Task | Checksum: ab64ac6d

Time (s): cpu = 00:00:00 ; elapsed = 00:00:00.001 . Memory (MB): peak = 3522.254 ; gain = 0.000
INFO: [Common 17-83] Releasing license: Implementation
34 Infos, 0 Warnings, 0 Critical Warnings and 0 Errors encountered.
opt_design completed successfully
opt_design: Time (s): cpu = 00:00:14 ; elapsed = 00:00:17 . Memory (MB): peak = 3522.254 ; gain = 1017.422
INFO: [runtcl-4] Executing : report_drc -file top_drc_opted.rpt -pb top_drc_opted.pb -rpx top_drc_opted.rpx
Command: report_drc -file top_drc_opted.rpt -pb top_drc_opted.pb -rpx top_drc_opted.rpx
INFO: [IP_Flow 19-234] Refreshing IP repositories
INFO: [IP_Flow 19-1704] No user IP repositories specified
INFO: [IP_Flow 19-2313] Loaded Vivado IP repository 'C:/Xilinx/Vivado/2023.1/data/ip'.
INFO: [DRC 23-27] Running DRC with 2 threads
INFO: [Vivado_Tcl 2-168] The results of DRC are in file C:/Users/Korisnik/Desktop/DSONG/projekat/project_1/project_1.runs/impl_1/top_drc_opted.rpt.
report_drc completed successfully
INFO: [Timing 38-480] Writing timing data to binary archive.
INFO: [Common 17-1381] The checkpoint 'C:/Users/Korisnik/Desktop/DSONG/projekat/project_1/project_1.runs/impl_1/top_opt.dcp' has been generated.
Command: place_design
Attempting to get a license for feature 'Implementation' and/or device 'xc7z020'
INFO: [Common 17-349] Got license for feature 'Implementation' and/or device 'xc7z020'
INFO: [DRC 23-27] Running DRC with 2 threads
INFO: [Vivado_Tcl 4-198] DRC finished with 0 Errors
INFO: [Vivado_Tcl 4-199] Please refer to the DRC report (report_drc) for more information.
Running DRC as a precondition to command place_design
INFO: [DRC 23-27] Running DRC with 2 threads
INFO: [Vivado_Tcl 4-198] DRC finished with 0 Errors
INFO: [Vivado_Tcl 4-199] Please refer to the DRC report (report_drc) for more information.

Starting Placer Task
INFO: [Place 30-611] Multithreading enabled for place_design using a maximum of 2 CPUs

Phase 1 Placer Initialization

Phase 1.1 Placer Initialization Netlist Sorting
Netlist sorting complete. Time (s): cpu = 00:00:00 ; elapsed = 00:00:00 . Memory (MB): peak = 3522.254 ; gain = 0.000
Phase 1.1 Placer Initialization Netlist Sorting | Checksum: a1dd3ba6

Time (s): cpu = 00:00:00 ; elapsed = 00:00:00.004 . Memory (MB): peak = 3522.254 ; gain = 0.000
Netlist sorting complete. Time (s): cpu = 00:00:00 ; elapsed = 00:00:00.001 . Memory (MB): peak = 3522.254 ; gain = 0.000

Phase 1.2 IO Placement/ Clock Placement/ Build Placer Device
INFO: [Timing 38-35] Done setting XDC timing constraints.
Phase 1.2 IO Placement/ Clock Placement/ Build Placer Device | Checksum: f3adbe6b

Time (s): cpu = 00:00:01 ; elapsed = 00:00:02 . Memory (MB): peak = 3522.254 ; gain = 0.000

Phase 1.3 Build Placer Netlist Model
Phase 1.3 Build Placer Netlist Model | Checksum: 1423275d6

Time (s): cpu = 00:00:03 ; elapsed = 00:00:04 . Memory (MB): peak = 3522.254 ; gain = 0.000

Phase 1.4 Constrain Clocks/Macros
Phase 1.4 Constrain Clocks/Macros | Checksum: 1423275d6

Time (s): cpu = 00:00:03 ; elapsed = 00:00:04 . Memory (MB): peak = 3522.254 ; gain = 0.000
Phase 1 Placer Initialization | Checksum: 1423275d6

Time (s): cpu = 00:00:03 ; elapsed = 00:00:04 . Memory (MB): peak = 3522.254 ; gain = 0.000

Phase 2 Global Placement

Phase 2.1 Floorplanning
Phase 2.1 Floorplanning | Checksum: 13d8fbd9b

Time (s): cpu = 00:00:03 ; elapsed = 00:00:04 . Memory (MB): peak = 3522.254 ; gain = 0.000

Phase 2.2 Update Timing before SLR Path Opt
Phase 2.2 Update Timing before SLR Path Opt | Checksum: 1eef1a367

Time (s): cpu = 00:00:03 ; elapsed = 00:00:04 . Memory (MB): peak = 3522.254 ; gain = 0.000

Phase 2.3 Post-Processing in Floorplanning
Phase 2.3 Post-Processing in Floorplanning | Checksum: 1eef1a367

Time (s): cpu = 00:00:03 ; elapsed = 00:00:04 . Memory (MB): peak = 3522.254 ; gain = 0.000

Phase 2.4 Global Placement Core

Phase 2.4.1 UpdateTiming Before Physical Synthesis
Phase 2.4.1 UpdateTiming Before Physical Synthesis | Checksum: 20ade19f7

Time (s): cpu = 00:00:06 ; elapsed = 00:00:08 . Memory (MB): peak = 3522.254 ; gain = 0.000

Phase 2.4.2 Physical Synthesis In Placer
INFO: [Physopt 32-1035] Found 0 LUTNM shape to break, 68 LUT instances to create LUTNM shape
INFO: [Physopt 32-1044] Break lutnm for timing: one critical 0, two critical 0, total 0, new lutff created 0
INFO: [Physopt 32-1138] End 1 Pass. Optimized 33 nets or LUTs. Breaked 0 LUT, combined 33 existing LUTs and moved 0 existing LUT
INFO: [Physopt 32-65] No nets found for high-fanout optimization.
INFO: [Physopt 32-232] Optimized 0 net. Created 0 new instance.
INFO: [Physopt 32-775] End 1 Pass. Optimized 0 net or cell. Created 0 new cell, deleted 0 existing cell and moved 0 existing cell
INFO: [Physopt 32-670] No setup violation found.  DSP Register Optimization was not performed.
INFO: [Physopt 32-670] No setup violation found.  Shift Register to Pipeline Optimization was not performed.
INFO: [Physopt 32-670] No setup violation found.  Shift Register Optimization was not performed.
INFO: [Physopt 32-670] No setup violation found.  BRAM Register Optimization was not performed.
INFO: [Physopt 32-670] No setup violation found.  URAM Register Optimization was not performed.
INFO: [Physopt 32-949] No candidate nets found for dynamic/static region interface net replication
INFO: [Physopt 32-775] End 1 Pass. Optimized 0 net or cell. Created 0 new cell, deleted 0 existing cell and moved 0 existing cell
Netlist sorting complete. Time (s): cpu = 00:00:00 ; elapsed = 00:00:00.001 . Memory (MB): peak = 3522.254 ; gain = 0.000

Summary of Physical Synthesis Optimizations
============================================


-----------------------------------------------------------------------------------------------------------------------------------------------------------
|  Optimization                                     |  Added Cells  |  Removed Cells  |  Optimized Cells/Nets  |  Dont Touch  |  Iterations  |  Elapsed   |
-----------------------------------------------------------------------------------------------------------------------------------------------------------
|  LUT Combining                                    |            0  |             33  |                    33  |           0  |           1  |  00:00:00  |
|  Retime                                           |            0  |              0  |                     0  |           0  |           1  |  00:00:00  |
|  Very High Fanout                                 |            0  |              0  |                     0  |           0  |           1  |  00:00:00  |
|  DSP Register                                     |            0  |              0  |                     0  |           0  |           0  |  00:00:00  |
|  Shift Register to Pipeline                       |            0  |              0  |                     0  |           0  |           0  |  00:00:00  |
|  Shift Register                                   |            0  |              0  |                     0  |           0  |           0  |  00:00:00  |
|  BRAM Register                                    |            0  |              0  |                     0  |           0  |           0  |  00:00:00  |
|  URAM Register                                    |            0  |              0  |                     0  |           0  |           0  |  00:00:00  |
|  Dynamic/Static Region Interface Net Replication  |            0  |              0  |                     0  |           0  |           1  |  00:00:00  |
|  Total                                            |            0  |             33  |                    33  |           0  |           4  |  00:00:00  |
-----------------------------------------------------------------------------------------------------------------------------------------------------------


Phase 2.4.2 Physical Synthesis In Placer | Checksum: 12562209e

Time (s): cpu = 00:00:07 ; elapsed = 00:00:09 . Memory (MB): peak = 3522.254 ; gain = 0.000
Phase 2.4 Global Placement Core | Checksum: 1730b8617

Time (s): cpu = 00:00:07 ; elapsed = 00:00:09 . Memory (MB): peak = 3522.254 ; gain = 0.000
Phase 2 Global Placement | Checksum: 1730b8617

Time (s): cpu = 00:00:07 ; elapsed = 00:00:09 . Memory (MB): peak = 3522.254 ; gain = 0.000

Phase 3 Detail Placement

Phase 3.1 Commit Multi Column Macros
Phase 3.1 Commit Multi Column Macros | Checksum: 132d2e2e5

Time (s): cpu = 00:00:07 ; elapsed = 00:00:09 . Memory (MB): peak = 3522.254 ; gain = 0.000

Phase 3.2 Commit Most Macros & LUTRAMs
Phase 3.2 Commit Most Macros & LUTRAMs | Checksum: 10dfd74f5

Time (s): cpu = 00:00:08 ; elapsed = 00:00:10 . Memory (MB): peak = 3522.254 ; gain = 0.000

Phase 3.3 Area Swap Optimization
Phase 3.3 Area Swap Optimization | Checksum: 15999ac61

Time (s): cpu = 00:00:08 ; elapsed = 00:00:10 . Memory (MB): peak = 3522.254 ; gain = 0.000

Phase 3.4 Pipeline Register Optimization
Phase 3.4 Pipeline Register Optimization | Checksum: e7cc8dd2

Time (s): cpu = 00:00:08 ; elapsed = 00:00:10 . Memory (MB): peak = 3522.254 ; gain = 0.000

Phase 3.5 Small Shape Detail Placement
Phase 3.5 Small Shape Detail Placement | Checksum: 198c43b7b

Time (s): cpu = 00:00:08 ; elapsed = 00:00:10 . Memory (MB): peak = 3522.254 ; gain = 0.000

Phase 3.6 Re-assign LUT pins
Phase 3.6 Re-assign LUT pins | Checksum: 16e2d1542

Time (s): cpu = 00:00:08 ; elapsed = 00:00:10 . Memory (MB): peak = 3522.254 ; gain = 0.000

Phase 3.7 Pipeline Register Optimization
Phase 3.7 Pipeline Register Optimization | Checksum: 11f5a35cf

Time (s): cpu = 00:00:08 ; elapsed = 00:00:11 . Memory (MB): peak = 3522.254 ; gain = 0.000
Phase 3 Detail Placement | Checksum: 11f5a35cf

Time (s): cpu = 00:00:08 ; elapsed = 00:00:11 . Memory (MB): peak = 3522.254 ; gain = 0.000

Phase 4 Post Placement Optimization and Clean-Up

Phase 4.1 Post Commit Optimization
INFO: [Timing 38-35] Done setting XDC timing constraints.

Phase 4.1.1 Post Placement Optimization
Post Placement Optimization Initialization | Checksum: 13889b5ea

Phase 4.1.1.1 BUFG Insertion

Starting Physical Synthesis Task

Phase 1 Physical Synthesis Initialization
INFO: [Physopt 32-721] Multithreading enabled for phys_opt_design using a maximum of 2 CPUs
INFO: [Physopt 32-619] Estimated Timing Summary | WNS=5.345 | TNS=0.000 |
Phase 1 Physical Synthesis Initialization | Checksum: f2ccb407

Time (s): cpu = 00:00:00 ; elapsed = 00:00:00.299 . Memory (MB): peak = 3522.254 ; gain = 0.000
INFO: [Place 46-56] BUFG insertion identified 0 candidate nets. Inserted BUFG: 0, Replicated BUFG Driver: 0, Skipped due to Placement/Routing Conflicts: 0, Skipped due to Timing Degradation: 0, Skipped due to netlist editing failed: 0.
Ending Physical Synthesis Task | Checksum: f2ccb407

Time (s): cpu = 00:00:00 ; elapsed = 00:00:00.511 . Memory (MB): peak = 3522.254 ; gain = 0.000
Phase 4.1.1.1 BUFG Insertion | Checksum: 13889b5ea

Time (s): cpu = 00:00:10 ; elapsed = 00:00:14 . Memory (MB): peak = 3522.254 ; gain = 0.000

Phase 4.1.1.2 Post Placement Timing Optimization
INFO: [Place 30-746] Post Placement Timing Summary WNS=5.345. For the most accurate timing information please run report_timing.
Phase 4.1.1.2 Post Placement Timing Optimization | Checksum: 1072b2fe7

Time (s): cpu = 00:00:10 ; elapsed = 00:00:14 . Memory (MB): peak = 3522.254 ; gain = 0.000

Time (s): cpu = 00:00:10 ; elapsed = 00:00:14 . Memory (MB): peak = 3522.254 ; gain = 0.000
Phase 4.1 Post Commit Optimization | Checksum: 1072b2fe7

Time (s): cpu = 00:00:10 ; elapsed = 00:00:14 . Memory (MB): peak = 3522.254 ; gain = 0.000

Phase 4.2 Post Placement Cleanup
Phase 4.2 Post Placement Cleanup | Checksum: 1072b2fe7

Time (s): cpu = 00:00:10 ; elapsed = 00:00:14 . Memory (MB): peak = 3522.254 ; gain = 0.000

Phase 4.3 Placer Reporting

Phase 4.3.1 Print Estimated Congestion
INFO: [Place 30-612] Post-Placement Estimated Congestion 
 ____________________________________________________
|           | Global Congestion | Short Congestion  |
| Direction | Region Size       | Region Size       |
|___________|___________________|___________________|
|      North|                1x1|                1x1|
|___________|___________________|___________________|
|      South|                2x2|                2x2|
|___________|___________________|___________________|
|       East|                1x1|                1x1|
|___________|___________________|___________________|
|       West|                1x1|                1x1|
|___________|___________________|___________________|

Phase 4.3.1 Print Estimated Congestion | Checksum: 1072b2fe7

Time (s): cpu = 00:00:11 ; elapsed = 00:00:14 . Memory (MB): peak = 3522.254 ; gain = 0.000
Phase 4.3 Placer Reporting | Checksum: 1072b2fe7

Time (s): cpu = 00:00:11 ; elapsed = 00:00:14 . Memory (MB): peak = 3522.254 ; gain = 0.000

Phase 4.4 Final Placement Cleanup
Netlist sorting complete. Time (s): cpu = 00:00:00 ; elapsed = 00:00:00 . Memory (MB): peak = 3522.254 ; gain = 0.000

Time (s): cpu = 00:00:11 ; elapsed = 00:00:14 . Memory (MB): peak = 3522.254 ; gain = 0.000
Phase 4 Post Placement Optimization and Clean-Up | Checksum: 1246c4c12

Time (s): cpu = 00:00:11 ; elapsed = 00:00:14 . Memory (MB): peak = 3522.254 ; gain = 0.000
Ending Placer Task | Checksum: 106865f6b

Time (s): cpu = 00:00:11 ; elapsed = 00:00:14 . Memory (MB): peak = 3522.254 ; gain = 0.000
INFO: [Common 17-83] Releasing license: Implementation
71 Infos, 0 Warnings, 0 Critical Warnings and 0 Errors encountered.
place_design completed successfully
place_design: Time (s): cpu = 00:00:12 ; elapsed = 00:00:15 . Memory (MB): peak = 3522.254 ; gain = 0.000
INFO: [runtcl-4] Executing : report_io -file top_io_placed.rpt
report_io: Time (s): cpu = 00:00:00 ; elapsed = 00:00:00.074 . Memory (MB): peak = 3522.254 ; gain = 0.000
INFO: [runtcl-4] Executing : report_utilization -file top_utilization_placed.rpt -pb top_utilization_placed.pb
INFO: [runtcl-4] Executing : report_control_sets -verbose -file top_control_sets_placed.rpt
report_control_sets: Time (s): cpu = 00:00:00 ; elapsed = 00:00:00.006 . Memory (MB): peak = 3522.254 ; gain = 0.000
INFO: [Timing 38-480] Writing timing data to binary archive.
Writing XDEF routing.
Writing XDEF routing logical nets.
Writing XDEF routing special nets.
Write XDEF Complete: Time (s): cpu = 00:00:01 ; elapsed = 00:00:00.666 . Memory (MB): peak = 3522.254 ; gain = 0.000
INFO: [Common 17-1381] The checkpoint 'C:/Users/Korisnik/Desktop/DSONG/projekat/project_1/project_1.runs/impl_1/top_placed.dcp' has been generated.
Command: phys_opt_design
Attempting to get a license for feature 'Implementation' and/or device 'xc7z020'
INFO: [Common 17-349] Got license for feature 'Implementation' and/or device 'xc7z020'

Starting Initial Update Timing Task

Time (s): cpu = 00:00:01 ; elapsed = 00:00:00.854 . Memory (MB): peak = 3522.254 ; gain = 0.000
INFO: [Vivado_Tcl 4-383] Design worst setup slack (WNS) is greater than or equal to 0.000 ns. Skipping all physical synthesis optimizations.
INFO: [Vivado_Tcl 4-232] No setup violation found. The netlist was not modified.
INFO: [Common 17-83] Releasing license: Implementation
80 Infos, 0 Warnings, 0 Critical Warnings and 0 Errors encountered.
phys_opt_design completed successfully
INFO: [Timing 38-480] Writing timing data to binary archive.
Writing XDEF routing.
Writing XDEF routing logical nets.
Writing XDEF routing special nets.
Write XDEF Complete: Time (s): cpu = 00:00:01 ; elapsed = 00:00:00.618 . Memory (MB): peak = 3533.914 ; gain = 11.660
INFO: [Common 17-1381] The checkpoint 'C:/Users/Korisnik/Desktop/DSONG/projekat/project_1/project_1.runs/impl_1/top_physopt.dcp' has been generated.
Command: route_design
Attempting to get a license for feature 'Implementation' and/or device 'xc7z020'
INFO: [Common 17-349] Got license for feature 'Implementation' and/or device 'xc7z020'
Running DRC as a precondition to command route_design
INFO: [DRC 23-27] Running DRC with 2 threads
INFO: [Vivado_Tcl 4-198] DRC finished with 0 Errors
INFO: [Vivado_Tcl 4-199] Please refer to the DRC report (report_drc) for more information.


Starting Routing Task
INFO: [Route 35-254] Multithreading enabled for route_design using a maximum of 2 CPUs

Phase 1 Build RT Design
Checksum: PlaceDB: 63340fa7 ConstDB: 0 ShapeSum: a3524fc4 RouteDB: 0
Post Restoration Checksum: NetGraph: e41f9b66 | NumContArr: c1f4b416 | Constraints: 190a55ad | Timing: 0
Phase 1 Build RT Design | Checksum: 1bf1ea529

Time (s): cpu = 00:00:12 ; elapsed = 00:00:24 . Memory (MB): peak = 3643.145 ; gain = 95.156

Phase 2 Router Initialization

Phase 2.1 Fix Topology Constraints
Phase 2.1 Fix Topology Constraints | Checksum: 1bf1ea529

Time (s): cpu = 00:00:12 ; elapsed = 00:00:24 . Memory (MB): peak = 3643.145 ; gain = 95.156

Phase 2.2 Pre Route Cleanup
Phase 2.2 Pre Route Cleanup | Checksum: 1bf1ea529

Time (s): cpu = 00:00:12 ; elapsed = 00:00:24 . Memory (MB): peak = 3643.145 ; gain = 95.156
 Number of Nodes with overlaps = 0

Phase 2.3 Update Timing
Phase 2.3 Update Timing | Checksum: 15322ef21

Time (s): cpu = 00:00:13 ; elapsed = 00:00:27 . Memory (MB): peak = 3659.613 ; gain = 111.625
INFO: [Route 35-416] Intermediate Timing Summary | WNS=5.345  | TNS=0.000  | WHS=-0.188 | THS=-12.025|


Router Utilization Summary
  Global Vertical Routing Utilization    = 0 %
  Global Horizontal Routing Utilization  = 0 %
  Routable Net Status*
  *Does not include unroutable nets such as driverless and loadless.
  Run report_route_status for detailed report.
  Number of Failed Nets               = 13358
    (Failed Nets is the sum of unrouted and partially routed nets)
  Number of Unrouted Nets             = 13358
  Number of Partially Routed Nets     = 0
  Number of Node Overlaps             = 0

Phase 2 Router Initialization | Checksum: 19720bac9

Time (s): cpu = 00:00:14 ; elapsed = 00:00:28 . Memory (MB): peak = 3689.559 ; gain = 141.570

Phase 3 Initial Routing

Phase 3.1 Global Routing
Phase 3.1 Global Routing | Checksum: 19720bac9

Time (s): cpu = 00:00:14 ; elapsed = 00:00:28 . Memory (MB): peak = 3689.559 ; gain = 141.570
Phase 3 Initial Routing | Checksum: 1dff12b03

Time (s): cpu = 00:00:15 ; elapsed = 00:00:30 . Memory (MB): peak = 3712.004 ; gain = 164.016

Phase 4 Rip-up And Reroute

Phase 4.1 Global Iteration 0
 Number of Nodes with overlaps = 26
 Number of Nodes with overlaps = 0
INFO: [Route 35-416] Intermediate Timing Summary | WNS=-0.015 | TNS=-0.031 | WHS=N/A    | THS=N/A    |

Phase 4.1 Global Iteration 0 | Checksum: 9f4e07f1

Time (s): cpu = 00:00:17 ; elapsed = 00:00:33 . Memory (MB): peak = 3712.004 ; gain = 164.016

Phase 4.2 Global Iteration 1
 Number of Nodes with overlaps = 1
 Number of Nodes with overlaps = 0
INFO: [Route 35-416] Intermediate Timing Summary | WNS=0.086  | TNS=0.000  | WHS=N/A    | THS=N/A    |

Phase 4.2 Global Iteration 1 | Checksum: ac6496f8

Time (s): cpu = 00:00:17 ; elapsed = 00:00:34 . Memory (MB): peak = 3712.004 ; gain = 164.016
Phase 4 Rip-up And Reroute | Checksum: ac6496f8

Time (s): cpu = 00:00:17 ; elapsed = 00:00:34 . Memory (MB): peak = 3712.004 ; gain = 164.016

Phase 5 Delay and Skew Optimization

Phase 5.1 Delay CleanUp
Phase 5.1 Delay CleanUp | Checksum: ac6496f8

Time (s): cpu = 00:00:17 ; elapsed = 00:00:34 . Memory (MB): peak = 3712.004 ; gain = 164.016

Phase 5.2 Clock Skew Optimization
Phase 5.2 Clock Skew Optimization | Checksum: ac6496f8

Time (s): cpu = 00:00:17 ; elapsed = 00:00:34 . Memory (MB): peak = 3712.004 ; gain = 164.016
Phase 5 Delay and Skew Optimization | Checksum: ac6496f8

Time (s): cpu = 00:00:17 ; elapsed = 00:00:34 . Memory (MB): peak = 3712.004 ; gain = 164.016

Phase 6 Post Hold Fix

Phase 6.1 Hold Fix Iter

Phase 6.1.1 Update Timing
Phase 6.1.1 Update Timing | Checksum: 185ec6ef6

Time (s): cpu = 00:00:17 ; elapsed = 00:00:34 . Memory (MB): peak = 3712.004 ; gain = 164.016
INFO: [Route 35-416] Intermediate Timing Summary | WNS=0.099  | TNS=0.000  | WHS=0.079  | THS=0.000  |

Phase 6.1 Hold Fix Iter | Checksum: 185ec6ef6

Time (s): cpu = 00:00:17 ; elapsed = 00:00:34 . Memory (MB): peak = 3712.004 ; gain = 164.016
Phase 6 Post Hold Fix | Checksum: 185ec6ef6

Time (s): cpu = 00:00:17 ; elapsed = 00:00:34 . Memory (MB): peak = 3712.004 ; gain = 164.016

Phase 7 Route finalize

Router Utilization Summary
  Global Vertical Routing Utilization    = 4.79963 %
  Global Horizontal Routing Utilization  = 5.08815 %
  Routable Net Status*
  *Does not include unroutable nets such as driverless and loadless.
  Run report_route_status for detailed report.
  Number of Failed Nets               = 0
    (Failed Nets is the sum of unrouted and partially routed nets)
  Number of Unrouted Nets             = 0
  Number of Partially Routed Nets     = 0
  Number of Node Overlaps             = 0

Phase 7 Route finalize | Checksum: 1412a52e6

Time (s): cpu = 00:00:17 ; elapsed = 00:00:34 . Memory (MB): peak = 3712.004 ; gain = 164.016

Phase 8 Verifying routed nets

 Verification completed successfully
Phase 8 Verifying routed nets | Checksum: 1412a52e6

Time (s): cpu = 00:00:17 ; elapsed = 00:00:34 . Memory (MB): peak = 3712.004 ; gain = 164.016

Phase 9 Depositing Routes
Phase 9 Depositing Routes | Checksum: 21ab7fcd4

Time (s): cpu = 00:00:17 ; elapsed = 00:00:34 . Memory (MB): peak = 3712.004 ; gain = 164.016

Phase 10 Post Router Timing
INFO: [Route 35-57] Estimated Timing Summary | WNS=0.099  | TNS=0.000  | WHS=0.079  | THS=0.000  |

INFO: [Route 35-327] The final timing numbers are based on the router estimated timing analysis. For a complete and accurate timing signoff, please run report_timing_summary.
Phase 10 Post Router Timing | Checksum: 21ab7fcd4

Time (s): cpu = 00:00:17 ; elapsed = 00:00:35 . Memory (MB): peak = 3712.004 ; gain = 164.016
INFO: [Route 35-16] Router Completed Successfully

Phase 11 Post-Route Event Processing
Phase 11 Post-Route Event Processing | Checksum: 1820ab2ab

Time (s): cpu = 00:00:17 ; elapsed = 00:00:35 . Memory (MB): peak = 3712.004 ; gain = 164.016

Time (s): cpu = 00:00:17 ; elapsed = 00:00:35 . Memory (MB): peak = 3712.004 ; gain = 164.016

Routing Is Done.
INFO: [Common 17-83] Releasing license: Implementation
95 Infos, 0 Warnings, 0 Critical Warnings and 0 Errors encountered.
route_design completed successfully
route_design: Time (s): cpu = 00:00:19 ; elapsed = 00:00:36 . Memory (MB): peak = 3712.004 ; gain = 178.090
INFO: [runtcl-4] Executing : report_drc -file top_drc_routed.rpt -pb top_drc_routed.pb -rpx top_drc_routed.rpx
Command: report_drc -file top_drc_routed.rpt -pb top_drc_routed.pb -rpx top_drc_routed.rpx
INFO: [IP_Flow 19-1839] IP Catalog is up to date.
INFO: [DRC 23-27] Running DRC with 2 threads
INFO: [Vivado_Tcl 2-168] The results of DRC are in file C:/Users/Korisnik/Desktop/DSONG/projekat/project_1/project_1.runs/impl_1/top_drc_routed.rpt.
report_drc completed successfully
INFO: [runtcl-4] Executing : report_methodology -file top_methodology_drc_routed.rpt -pb top_methodology_drc_routed.pb -rpx top_methodology_drc_routed.rpx
Command: report_methodology -file top_methodology_drc_routed.rpt -pb top_methodology_drc_routed.pb -rpx top_methodology_drc_routed.rpx
INFO: [Timing 38-35] Done setting XDC timing constraints.
INFO: [DRC 23-133] Running Methodology with 2 threads
INFO: [Vivado_Tcl 2-1520] The results of Report Methodology are in file C:/Users/Korisnik/Desktop/DSONG/projekat/project_1/project_1.runs/impl_1/top_methodology_drc_routed.rpt.
report_methodology completed successfully
INFO: [runtcl-4] Executing : report_power -file top_power_routed.rpt -pb top_power_summary_routed.pb -rpx top_power_routed.rpx
Command: report_power -file top_power_routed.rpt -pb top_power_summary_routed.pb -rpx top_power_routed.rpx
INFO: [Timing 38-35] Done setting XDC timing constraints.
Running Vector-less Activity Propagation...

Finished Running Vector-less Activity Propagation
105 Infos, 0 Warnings, 0 Critical Warnings and 0 Errors encountered.
report_power completed successfully
INFO: [runtcl-4] Executing : report_route_status -file top_route_status.rpt -pb top_route_status.pb
INFO: [runtcl-4] Executing : report_timing_summary -max_paths 10 -report_unconstrained -file top_timing_summary_routed.rpt -pb top_timing_summary_routed.pb -rpx top_timing_summary_routed.rpx -warn_on_violation 
INFO: [Timing 38-91] UpdateTimingParams: Speed grade: -1, Delay Type: min_max.
INFO: [Timing 38-191] Multithreading enabled for timing update using a maximum of 2 CPUs
INFO: [runtcl-4] Executing : report_incremental_reuse -file top_incremental_reuse_routed.rpt
INFO: [Vivado_Tcl 4-1062] Incremental flow is disabled. No incremental reuse Info to report.
INFO: [runtcl-4] Executing : report_clock_utilization -file top_clock_utilization_routed.rpt
INFO: [runtcl-4] Executing : report_bus_skew -warn_on_violation -file top_bus_skew_routed.rpt -pb top_bus_skew_routed.pb -rpx top_bus_skew_routed.rpx
INFO: [Timing 38-91] UpdateTimingParams: Speed grade: -1, Delay Type: min_max.
INFO: [Timing 38-191] Multithreading enabled for timing update using a maximum of 2 CPUs
INFO: [Timing 38-480] Writing timing data to binary archive.
Writing XDEF routing.
Writing XDEF routing logical nets.
Writing XDEF routing special nets.
Write XDEF Complete: Time (s): cpu = 00:00:01 ; elapsed = 00:00:00.658 . Memory (MB): peak = 3726.074 ; gain = 0.500
INFO: [Common 17-1381] The checkpoint 'C:/Users/Korisnik/Desktop/DSONG/projekat/project_1/project_1.runs/impl_1/top_routed.dcp' has been generated.
INFO: [Common 17-206] Exiting Vivado at Tue Aug 25 12:05:00 2026...
