Copyright 1986-2022 Xilinx, Inc. All Rights Reserved. Copyright 2022-2023 Advanced Micro Devices, Inc. All Rights Reserved.
---------------------------------------------------------------------------------------------------------------------------------------------
| Tool Version : Vivado v.2023.1 (win64) Build 3865809 Sun May  7 15:05:29 MDT 2023
| Date         : Tue Aug 25 12:04:13 2026
| Host         : DESKTOP-U5TLLQS running 64-bit major release  (build 9200)
| Command      : report_control_sets -verbose -file top_control_sets_placed.rpt
| Design       : top
| Device       : xc7z020
---------------------------------------------------------------------------------------------------------------------------------------------

Control Set Information

Table of Contents
-----------------
1. Summary
2. Histogram
3. Flip-Flop Distribution
4. Detailed Control Set Information

1. Summary
----------

+----------------------------------------------------------+-------+
|                          Status                          | Count |
+----------------------------------------------------------+-------+
| Total control sets                                       |     8 |
|    Minimum number of control sets                        |     8 |
|    Addition due to synthesis replication                 |     0 |
|    Addition due to physical synthesis replication        |     0 |
| Unused register locations in slices containing registers |    20 |
+----------------------------------------------------------+-------+
* Control sets can be merged at opt_design using control_set_merge or merge_equivalent_drivers
** Run report_qor_suggestions for automated merging and remapping suggestions


2. Histogram
------------

+--------------------+-------+
|       Fanout       | Count |
+--------------------+-------+
| Total control sets |     8 |
| >= 0 to < 4        |     1 |
| >= 4 to < 6        |     0 |
| >= 6 to < 8        |     1 |
| >= 8 to < 10       |     1 |
| >= 10 to < 12      |     0 |
| >= 12 to < 14      |     2 |
| >= 14 to < 16      |     0 |
| >= 16              |     3 |
+--------------------+-------+
* Control sets can be remapped at either synth_design or opt_design


3. Flip-Flop Distribution
-------------------------

+--------------+-----------------------+------------------------+-----------------+--------------+
| Clock Enable | Synchronous Set/Reset | Asynchronous Set/Reset | Total Registers | Total Slices |
+--------------+-----------------------+------------------------+-----------------+--------------+
| No           | No                    | No                     |            1947 |          520 |
| No           | No                    | Yes                    |               0 |            0 |
| No           | Yes                   | No                     |             192 |           68 |
| Yes          | No                    | No                     |              41 |           11 |
| Yes          | No                    | Yes                    |               0 |            0 |
| Yes          | Yes                   | No                     |               0 |            0 |
+--------------+-----------------------+------------------------+-----------------+--------------+


4. Detailed Control Set Information
-----------------------------------

+----------------+------------------------------------+---------------------------------------------------------+------------------+----------------+--------------+
|  Clock Signal  |            Enable Signal           |                     Set/Reset Signal                    | Slice Load Count | Bel Load Count | Bels / Slice |
+----------------+------------------------------------+---------------------------------------------------------+------------------+----------------+--------------+
|  clk_IBUF_BUFG | pair_and_spare_FIR/sel_data_1_reg0 |                                                         |                1 |              3 |         3.00 |
|  clk_IBUF_BUFG | pair_and_spare_FIR/sel_data_2__0   |                                                         |                2 |              6 |         3.00 |
|  clk_IBUF_BUFG | warmup_counter[7]_i_1_n_0          |                                                         |                2 |              8 |         4.00 |
|  clk_IBUF_BUFG | OUTPUT_bram/address_output_bram0   |                                                         |                3 |             12 |         4.00 |
|  clk_IBUF_BUFG | start_IBUF                         |                                                         |                3 |             12 |         4.00 |
|  clk_IBUF_BUFG |                                    | pair_and_spare_FIR/data_outt_s[23]_i_1_n_0              |                6 |             24 |         4.00 |
|  clk_IBUF_BUFG |                                    | pair_and_spare_FIR/replication_of_fir[0].replication/we |               62 |            168 |         2.71 |
|  clk_IBUF_BUFG |                                    |                                                         |              520 |           1947 |         3.74 |
+----------------+------------------------------------+---------------------------------------------------------+------------------+----------------+--------------+


